abcd
hello world 
abasdfasdfja;efjqiwefjpqjerfpqioefjpioqwejgpoqiwejg
fjasd;lfjp;asdjfpijqef
gjpaejgpaoweigj
epgjpqoigjpqoweigj
adfdfee
eerere

etgetet
yreywerywerty
ewtqert

from test1 
another branch
